// Jest Snapshot v1, https://goo.gl/fbAQLP

exports[`Layout page should render as expected 1`] = `<h1 />`;
