// Jest Snapshot v1, https://goo.gl/fbAQLP

exports[`Login page should render as expected 1`] = `
<div>
  <div>
    <h1
      className="loginHeader"
    >
      Headline News
    </h1>
  </div>
  <div
    className="carousel slide"
    data-ride="carousel"
    id="theCarousel"
  >
    <ol
      className="carousel-indicators"
    >
      <li
        className="active"
        data-slide-to="0"
        data-target="#theCarousel"
      />
      <li
        data-slide-to="1"
        data-target="#theCarousel"
      />
    </ol>
    <div
      className="carousel-inner"
    >
      <div
        className="item active"
      >
        <div
          className="slide1"
        />
        <div
          className="carousel-caption"
        >
          <h1
            className="caroselTitle"
          >
            Get News Headline for free
          </h1>
        </div>
      </div>
      <div
        className="item"
      >
        <div
          className="slide2"
        />
        <div
          className="carousel-caption"
        >
          <h1
            className="caroselTitle"
          >
            Get Live Headlines
          </h1>
        </div>
      </div>
    </div>
    <a
      className="left carousel-control"
      data-slide="prev"
      href="#theCarousel"
    >
      <span
        className="glyphicon glyphicon-chevron-left"
      />
    </a>
    <a
      className="right carousel-control"
      data-slide="next"
      href="#theCarousel"
    >
      <span
        className="glyphicon glyphicon-chevron-right"
      />
    </a>
  </div>
  <button
    className="loginBtn btn-social btn-github"
    href="login"
    onClick={[Function]}
  >
     
    <span
      className="fa fa-github"
    />
    Login with Github
  </button>
  <button
    className="loginBtn loginBtn--google"
    href="login"
    onClick={[Function]}
  >
    Login with Google
  </button>
  <Footer />
</div>
`;
