// Jest Snapshot v1, https://goo.gl/fbAQLP

exports[`Category should call fetchArticles without error 1`] = `undefined`;
