// Jest Snapshot v1, https://goo.gl/fbAQLP

exports[`Article component should render as expected 1`] = `
<div
  className="outerArticleCountainer well"
>
  <div
    className="row article-Container"
  >
    <Error
      error="error"
    />
     
  </div>
</div>
`;
