// Jest Snapshot v1, https://goo.gl/fbAQLP

exports[`Category should render as expected 1`] = `
<div
  className="container well outerArticleCountainer"
>
  <div
    className="row article-Container"
  >
    <Error
      error="error"
    />
     
  </div>
</div>
`;
