// Jest Snapshot v1, https://goo.gl/fbAQLP

exports[`Category should render as expected 1`] = `
<li
  className="active"
>
  <a
    onClick={[Function]}
  >
    Games
  </a>
</li>
`;
