// Jest Snapshot v1, https://goo.gl/fbAQLP

exports[`Footer should render as expected 1`] = `
<footer
  className="footer"
>
  Headline RSS Feed App (c) 2017 
</footer>
`;
