// Jest Snapshot v1, https://goo.gl/fbAQLP

exports[`Footer component should render as expected 1`] = `
<p
  className="footer"
>
  Headline RSS Feed App (c) 2017 
</p>
`;
