// Jest Snapshot v1, https://goo.gl/fbAQLP

exports[`Header should render as expected 1`] = `
<nav
  className="navbar navbar-inverse navbar-fixed-top"
>
  <div
    className="container-fluid"
  >
    <div
      className="navbar-header"
    >
      <button
        aria-controls="navbar"
        aria-expanded="false"
        className="navbar-toggle collapsed"
        data-target="#navbar"
        data-toggle="collapse"
        type="button"
      >
        <span
          className="sr-only"
        >
          Toggle navigation
        </span>
        <span
          className="icon-bar"
        />
        <span
          className="icon-bar"
        />
        <span
          className="icon-bar"
        />
      </button>
      <a
        className="navbar-brand"
        href="/"
      >
        Headlines RSS Feed
      </a>
    </div>
    <div
      className="navbar-collapse collapse"
      id="navbar"
    >
      <ul
        className="nav navbar-nav navbar-right"
      >
        <li>
          <a
            onClick={[Function]}
          >
            Igbo
          </a>
        </li>
        <li>
          <a
            onClick={[Function]}
          >
            Yoruba
          </a>
        </li>
        <li>
          <a
            id="logoutBtn"
          >
            Logout
          </a>
        </li>
      </ul>
    </div>
  </div>
</nav>
`;
