// Jest Snapshot v1, https://goo.gl/fbAQLP

exports[`Category should render as expected 1`] = `
<li>
  <a
    onClick={[Function]}
  >
    ABC News (AU)
  </a>
</li>
`;
